// Jest Snapshot v1, https://goo.gl/fbAQLP

exports[`MainComponent renders 1`] = `
<mock-render>
  <app-main>
    <mat-toolbar>
      <mat-toolbar-row>
        <nav>
          <a
            mat-button=""
            ng-reflect-router-link="ca"
            ng-reflect-router-link-active="active"
            routerlinkactive="active"
          >
            Kalendar
          </a>
          <a
            mat-button=""
            ng-reflect-router-link="as"
            ng-reflect-router-link-active="active"
            routerlinkactive="active"
          >
            Zuweisung
          </a>
          <a
            mat-button=""
            ng-reflect-router-link="us"
            ng-reflect-router-link-active="active"
            routerlinkactive="active"
          >
            Benutzer
          </a>
        </nav>
        <span
          class="sd-flex-spacer"
        />
        <span
          class="sd-margin-left-wide sd-margin-right-wide sd-mobile-invisible"
        >
          SchedDoc
        </span>
        <mat-menu>
          <button
            disabled=""
            mat-menu-item=""
            ng-reflect-disabled=""
          >
            <mat-icon>
              person
            </mat-icon>
            <span>
              displayName
            </span>
          </button>
          <button
            mat-menu-item=""
          >
            <mat-icon>
              logout
            </mat-icon>
            <span>
              Ausloggen
            </span>
          </button>
        </mat-menu>
        <button
          mat-icon-button=""
          ng-reflect-menu="[object Object]"
        >
          <mat-icon>
            person
          </mat-icon>
        </button>
      </mat-toolbar-row>
    </mat-toolbar>
    <div
      class="sd-space-container"
    >
      <div
        class="sd-space-container-content"
      >
        <router-outlet />
      </div>
    </div>
  </app-main>
</mock-render>
`;
